Resolving dependencies...
Downloading packages...
  _fe_analyzer_shared 93.0.0 (97.0.0 available)
  analyzer 10.0.1 (11.0.0 available)
  build_config 1.2.0 (1.3.0 available)
  characters 1.4.0 (1.4.1 available)
  flutter_foreground_task 6.5.0 (9.2.0 available)
  google_fonts 6.3.3 (8.0.2 available)
  intl 0.18.1 (0.20.2 available)
  matcher 0.12.17 (0.12.19 available)
  material_color_utilities 0.11.1 (0.13.0 available)
  meta 1.17.0 (1.18.1 available)
  test_api 0.7.7 (0.7.10 available)
  win32 5.15.0 (6.0.0 available)
Got dependencies!
12 packages have newer versions incompatible with dependency constraints.
Try `flutter pub outdated` for more information.
00:00 +0: loading /app/test/widget_test.dart                                                                                                                                                           00:01 +0: loading /app/test/widget_test.dart                                                                                                                                                           00:02 +0: loading /app/test/widget_test.dart                                                                                                                                                           00:03 +0: loading /app/test/widget_test.dart                                                                                                                                                           00:04 +0: loading /app/test/widget_test.dart                                                                                                                                                           00:05 +0: loading /app/test/widget_test.dart                                                                                                                                                           00:05 +0: App smoke test                                                                                                                                                                               00:06 +0: App smoke test                                                                                                                                                                               00:06 +1: App smoke test                                                                                                                                                                               00:06 +1: All tests passed!
